[3J[H[2JTotal number of models: 1
Page: 1
  [1mMODEL       [0m  [1mCATEGORY       [0m  [1mVERSION[0m  
  model-test-0  category-test-0  v1.0.0   
